2026-06-07 14:09:23,768 - INFO - Integridad validada exitosamente para Unidad=, Año=2026. Sin descuadres.
2026-06-07 14:09:29,176 - INFO - Integridad validada exitosamente para Unidad=Rodeo, Año=2026. Sin descuadres.
2026-06-07 14:23:08,169 - INFO - Integridad validada exitosamente para Unidad=Rodeo, Año=2026. Sin descuadres.
2026-06-07 14:23:13,152 - INFO - Integridad validada exitosamente para Unidad=Rodeo, Año=2026. Sin descuadres.
2026-06-07 14:51:12,849 - INFO - Integridad validada exitosamente para Unidad=Rodeo, Año=2026. Sin descuadres.
2026-06-07 14:51:17,416 - INFO - Integridad validada exitosamente para Unidad=Rodeo, Año=2026. Sin descuadres.
2026-06-07 14:56:39,362 - INFO - Integridad validada exitosamente para Unidad=Rodeo, Año=2026. Sin descuadres.
2026-06-07 14:57:31,257 - INFO - Integridad validada exitosamente para Unidad=, Año=2026. Sin descuadres.
2026-06-07 14:57:36,222 - INFO - Integridad validada exitosamente para Unidad=Rodeo, Año=2026. Sin descuadres.
2026-06-07 15:06:32,404 - INFO - Integridad validada exitosamente para Unidad=Rodeo, Año=2026. Sin descuadres.
2026-06-07 15:08:49,867 - INFO - Integridad validada exitosamente para Unidad=Rodeo, Año=2026. Sin descuadres.
2026-06-07 15:09:09,215 - INFO - Integridad validada exitosamente para Unidad=Rodeo, Año=2026. Sin descuadres.
2026-06-07 15:09:15,143 - INFO - Integridad validada exitosamente para Unidad=Rodeo, Año=2026. Sin descuadres.
2026-06-07 15:10:09,943 - INFO - Integridad validada exitosamente para Unidad=Rodeo, Año=2026. Sin descuadres.
2026-06-07 15:10:21,451 - INFO - Integridad validada exitosamente para Unidad=Rodeo, Año=2026. Sin descuadres.
2026-06-07 15:12:35,155 - INFO - Integridad validada exitosamente para Unidad=Rodeo, Año=2026. Sin descuadres.
2026-06-07 15:12:40,560 - INFO - Integridad validada exitosamente para Unidad=Rodeo, Año=2026. Sin descuadres.
2026-06-07 15:13:28,632 - INFO - Integridad validada exitosamente para Unidad=Rodeo, Año=2026. Sin descuadres.
2026-06-07 15:13:51,084 - INFO - Integridad validada exitosamente para Unidad=Rodeo, Año=2026. Sin descuadres.
2026-06-07 15:14:50,934 - INFO - Integridad validada exitosamente para Unidad=, Año=2026. Sin descuadres.
2026-06-07 15:19:00,668 - INFO - Integridad validada exitosamente para Unidad=Rodeo, Año=2026. Sin descuadres.
2026-06-07 15:19:02,277 - INFO - Integridad validada exitosamente para Unidad=Rodeo, Año=2026. Sin descuadres.
2026-06-07 15:31:29,660 - INFO - Integridad validada exitosamente para Unidad=Rodeo, Año=2026. Sin descuadres.
2026-06-07 15:31:57,247 - INFO - Integridad validada exitosamente para Unidad=Rodeo, Año=2026. Sin descuadres.
2026-06-07 17:44:34,482 - INFO - Integridad validada exitosamente para Unidad=, Año=2026. Sin descuadres.
2026-06-07 17:44:38,082 - INFO - Integridad validada exitosamente para Unidad=Rodeo, Año=2026. Sin descuadres.
2026-06-07 17:57:13,445 - INFO - Integridad validada exitosamente para Unidad=Rodeo, Año=2026. Sin descuadres.
2026-06-07 18:08:09,365 - INFO - Integridad validada exitosamente para Unidad=, Año=2026. Sin descuadres.
2026-06-07 18:08:16,169 - INFO - Integridad validada exitosamente para Unidad=, Año=2026. Sin descuadres.
2026-06-07 18:08:27,886 - INFO - Integridad validada exitosamente para Unidad=, Año=2026. Sin descuadres.
2026-06-07 18:08:31,068 - INFO - Integridad validada exitosamente para Unidad=PiedeMonte, Año=2026. Sin descuadres.
2026-06-07 18:08:32,415 - INFO - Integridad validada exitosamente para Unidad=Rodeo, Año=2026. Sin descuadres.
2026-06-07 18:21:21,639 - INFO - Integridad validada exitosamente para Unidad=, Año=2026. Sin descuadres.
2026-06-07 18:22:19,448 - INFO - Integridad validada exitosamente para Unidad=, Año=2026. Sin descuadres.
2026-06-07 18:28:25,494 - INFO - Integridad validada exitosamente para Unidad=, Año=2026. Sin descuadres.
2026-06-07 18:28:30,473 - INFO - Integridad validada exitosamente para Unidad=, Año=2026. Sin descuadres.
2026-06-07 18:29:09,861 - INFO - Integridad validada exitosamente para Unidad=, Año=2026. Sin descuadres.
2026-06-07 18:30:28,103 - INFO - Integridad validada exitosamente para Unidad=, Año=2026. Sin descuadres.
2026-06-07 18:31:42,578 - INFO - Integridad validada exitosamente para Unidad=Rodeo, Año=2026. Sin descuadres.
2026-06-07 18:35:17,352 - INFO - Integridad validada exitosamente para Unidad=Rodeo, Año=2026. Sin descuadres.
2026-06-07 18:42:37,329 - INFO - Integridad validada exitosamente para Unidad=Rodeo, Año=2026. Sin descuadres.
2026-06-07 18:42:41,499 - INFO - Integridad validada exitosamente para Unidad=Rodeo, Año=2026. Sin descuadres.
2026-06-07 19:14:18,939 - INFO - Integridad validada exitosamente para Unidad=Rodeo, Año=2026. Sin descuadres.
2026-06-07 19:14:22,249 - INFO - Integridad validada exitosamente para Unidad=Rodeo, Año=2026. Sin descuadres.
2026-06-07 19:18:11,365 - INFO - Integridad validada exitosamente para Unidad=Rodeo, Año=2026. Sin descuadres.
2026-06-08 16:52:35,714 - INFO - Integridad validada exitosamente para Unidad=, Año=2026. Sin descuadres.
2026-06-11 15:16:13,306 - WARNING - --- DETECTADAS DISCREPANCIAS DE INTEGRIDAD (EERR V2) - Unidad=Rodeo, Año=2026 ---
2026-06-11 15:16:13,307 - WARNING - Descuadre contra Excel Baseline en [Total Ingresos]: Esperado=47933.03, Obtenido=13800.00 (Diff=34133.03)
2026-06-11 15:16:13,307 - WARNING - Descuadre contra Excel Baseline en [Total Costo de Ventas]: Esperado=20670.85, Obtenido=9050.00 (Diff=11620.85)
2026-06-11 15:16:13,307 - WARNING - Descuadre contra Excel Baseline en [Utilidad Bruta]: Esperado=27262.18, Obtenido=4750.00 (Diff=22512.18)
2026-06-11 15:16:13,307 - WARNING - Descuadre contra Excel Baseline en [Gastos Bancarios]: Esperado=1415.25, Obtenido=30.00 (Diff=1385.25)
2026-06-11 15:16:13,307 - WARNING - Descuadre contra Excel Baseline en [Utilidad antes de intereses, impuestos, depreciación y amortización (EBITDA)]: Esperado=15382.66, Obtenido=3530.00 (Diff=11852.66)
2026-06-11 15:16:13,307 - WARNING - Descuadre contra Excel Baseline en [Utilidad Neta]: Esperado=-3513.65, Obtenido=3710.00 (Diff=7223.65)
2026-06-11 15:16:13,307 - WARNING - Cuenta transaccional activa sin mapear en mapping_groups_v2: Partida='Gastos de comisiones empleados', OdooCode='6.01.03.03.001'
2026-06-11 15:16:13,307 - WARNING - Cuenta transaccional activa sin mapear en mapping_groups_v2: Partida='Gastos de comisiones por venta de personal externo', OdooCode='6.01.03.03.003'
2026-06-11 15:16:13,307 - WARNING - Cuenta transaccional activa sin mapear en mapping_groups_v2: Partida='Gastos de donaciones y obsequios al personal', OdooCode='6.01.02.04.001'
2026-06-11 15:16:13,307 - WARNING - Cuenta transaccional activa sin mapear en mapping_groups_v2: Partida='Gastos de transporte del personal', OdooCode='6.01.02.04.003'
2026-06-11 15:16:13,307 - WARNING - Cuenta transaccional activa sin mapear en mapping_groups_v2: Partida='Gastos de capacitación al personal', OdooCode='6.01.02.04.002'
2026-06-11 15:16:13,307 - WARNING - Cuenta transaccional activa sin mapear en mapping_groups_v2: Partida='Gastos de uniformes y dotación al personal', OdooCode='6.01.02.03.002'
2026-06-11 15:17:04,285 - WARNING - --- DETECTADAS DISCREPANCIAS DE INTEGRIDAD (EERR V2) - Unidad=Rodeo, Año=2026 ---
2026-06-11 15:17:04,285 - WARNING - Cuenta transaccional activa sin mapear en mapping_groups_v2: Partida='Gastos de comisiones empleados', OdooCode='6.01.03.03.001'
2026-06-11 15:17:04,285 - WARNING - Cuenta transaccional activa sin mapear en mapping_groups_v2: Partida='Gastos de comisiones por venta de personal externo', OdooCode='6.01.03.03.003'
2026-06-11 15:17:04,285 - WARNING - Cuenta transaccional activa sin mapear en mapping_groups_v2: Partida='Gastos de donaciones y obsequios al personal', OdooCode='6.01.02.04.001'
2026-06-11 15:17:04,285 - WARNING - Cuenta transaccional activa sin mapear en mapping_groups_v2: Partida='Gastos de transporte del personal', OdooCode='6.01.02.04.003'
2026-06-11 15:17:10,467 - WARNING - --- DETECTADAS DISCREPANCIAS DE INTEGRIDAD (EERR V2) - Unidad=Rodeo, Año=2026 ---
2026-06-11 15:17:10,467 - WARNING - Cuenta transaccional activa sin mapear en mapping_groups_v2: Partida='Gastos de comisiones empleados', OdooCode='6.01.03.03.001'
2026-06-11 15:17:10,467 - WARNING - Cuenta transaccional activa sin mapear en mapping_groups_v2: Partida='Gastos de comisiones por venta de personal externo', OdooCode='6.01.03.03.003'
2026-06-11 15:17:10,467 - WARNING - Cuenta transaccional activa sin mapear en mapping_groups_v2: Partida='Gastos de donaciones y obsequios al personal', OdooCode='6.01.02.04.001'
2026-06-11 15:17:10,467 - WARNING - Cuenta transaccional activa sin mapear en mapping_groups_v2: Partida='Gastos de transporte del personal', OdooCode='6.01.02.04.003'
2026-06-11 15:21:18,449 - INFO - Integridad validada exitosamente para Unidad=Rodeo, Año=2026. Sin descuadres.
2026-06-11 15:40:14,942 - INFO - Integridad validada exitosamente para Unidad=Rodeo, Año=2026. Sin descuadres.
2026-06-11 18:43:50,104 - INFO - Integridad validada exitosamente para Unidad=Rodeo, Año=2026. Sin descuadres.
2026-06-11 18:44:15,836 - WARNING - --- DETECTADAS DISCREPANCIAS DE INTEGRIDAD (EERR V2) - Unidad=Rodeo, Año=2026 ---
2026-06-11 18:44:15,836 - WARNING - Cuenta transaccional activa sin mapear en mapping_groups_v2: Partida='Gastos de Bono de alimentación empleados', OdooCode='6.01.02.01.006'
2026-06-11 18:44:15,836 - WARNING - Cuenta transaccional activa sin mapear en mapping_groups_v2: Partida='Gastos de aporte patronal FAOV', OdooCode='6.01.02.02.019'
2026-06-11 18:44:15,836 - WARNING - Cuenta transaccional activa sin mapear en mapping_groups_v2: Partida='Gastos de aporte patronal INCES', OdooCode='6.01.02.02.020'
2026-06-11 18:44:15,836 - WARNING - Cuenta transaccional activa sin mapear en mapping_groups_v2: Partida='Gastos de aporte patronal IVSS', OdooCode='6.01.02.02.017'
2026-06-11 18:44:15,836 - WARNING - Cuenta transaccional activa sin mapear en mapping_groups_v2: Partida='Gastos de aporte patronal SPF', OdooCode='6.01.02.02.018'
2026-06-11 18:44:15,836 - WARNING - Cuenta transaccional activa sin mapear en mapping_groups_v2: Partida='Gastos de complemento de sueldos y salarios empleados', OdooCode='6.01.02.01.004'
2026-06-11 18:44:15,836 - WARNING - Cuenta transaccional activa sin mapear en mapping_groups_v2: Partida='Gastos de donaciones y obsequios al personal', OdooCode='6.01.02.04.001'
2026-06-11 18:44:15,836 - WARNING - Cuenta transaccional activa sin mapear en mapping_groups_v2: Partida='Gastos de sueldos y salarios empleados', OdooCode='6.01.02.01.001'
2026-06-11 18:44:15,836 - WARNING - Cuenta transaccional activa sin mapear en mapping_groups_v2: Partida='Gastos de transporte del personal', OdooCode='6.01.02.04.003'
2026-06-11 18:44:15,836 - WARNING - Cuenta transaccional activa sin mapear en mapping_groups_v2: Partida='Gastos de póliza HCM', OdooCode='6.01.02.02.022'
2026-06-11 18:44:15,836 - WARNING - Cuenta transaccional activa sin mapear en mapping_groups_v2: Partida='Gastos de servicios de personal externo', OdooCode='6.01.02.01.999'
2026-06-11 18:44:15,836 - WARNING - Cuenta transaccional activa sin mapear en mapping_groups_v2: Partida='Gastos de fiestas y agasajos al personal', OdooCode='6.01.02.03.003'
2026-06-11 18:44:15,836 - WARNING - Cuenta transaccional activa sin mapear en mapping_groups_v2: Partida='Gastos de bono vacacional empleados', OdooCode='6.01.02.02.001'
2026-06-11 18:44:15,836 - WARNING - Cuenta transaccional activa sin mapear en mapping_groups_v2: Partida='Gastos de complemento bono vacacional empleados', OdooCode='6.01.02.02.003'
2026-06-11 18:44:15,836 - WARNING - Cuenta transaccional activa sin mapear en mapping_groups_v2: Partida='Gastos de complemento de vacaciones empleados', OdooCode='6.01.02.01.010'
2026-06-11 18:44:15,837 - WARNING - Cuenta transaccional activa sin mapear en mapping_groups_v2: Partida='Gastos de intereses sobres prestaciones sociales empleados', OdooCode='6.01.02.02.013'
2026-06-11 18:44:15,837 - WARNING - Cuenta transaccional activa sin mapear en mapping_groups_v2: Partida='Gastos de prestaciones sociales empleados', OdooCode='6.01.02.02.009'
2026-06-11 18:44:15,837 - WARNING - Cuenta transaccional activa sin mapear en mapping_groups_v2: Partida='Gastos de vacaciones empleados', OdooCode='6.01.02.01.008'
2026-06-11 18:44:42,880 - INFO - Integridad validada exitosamente para Unidad=Rodeo, Año=2026. Sin descuadres.
2026-06-11 18:45:20,981 - INFO - Integridad validada exitosamente para Unidad=Rodeo, Año=2026. Sin descuadres.
2026-06-11 18:46:02,050 - INFO - Integridad validada exitosamente para Unidad=Rodeo, Año=2026. Sin descuadres.
2026-06-11 18:47:10,401 - INFO - Integridad validada exitosamente para Unidad=Rodeo, Año=2026. Sin descuadres.
2026-06-11 18:49:32,630 - INFO - Integridad validada exitosamente para Unidad=Barinas, Año=2026. Sin descuadres.
2026-06-11 18:49:32,683 - INFO - Integridad validada exitosamente para Unidad=Naranjos, Año=2026. Sin descuadres.
2026-06-11 18:49:32,735 - INFO - Integridad validada exitosamente para Unidad=PiedeMonte, Año=2026. Sin descuadres.
2026-06-11 18:49:32,789 - INFO - Integridad validada exitosamente para Unidad=Rodeo, Año=2026. Sin descuadres.
2026-06-11 18:49:32,846 - INFO - Integridad validada exitosamente para Unidad=Terracota, Año=2026. Sin descuadres.
2026-06-11 18:49:32,901 - INFO - Integridad validada exitosamente para Unidad=Ucafe, Año=2026. Sin descuadres.
2026-06-11 18:51:01,967 - INFO - Integridad validada exitosamente para Unidad=, Año=2026. Sin descuadres.
2026-06-11 18:51:03,608 - INFO - Integridad validada exitosamente para Unidad=, Año=2026. Sin descuadres.
2026-06-11 18:51:08,674 - INFO - Integridad validada exitosamente para Unidad=, Año=2026. Sin descuadres.
2026-06-11 18:51:18,076 - INFO - Integridad validada exitosamente para Unidad=, Año=2026. Sin descuadres.
2026-06-11 18:51:46,855 - INFO - Integridad validada exitosamente para Unidad=, Año=2026. Sin descuadres.
2026-06-11 18:52:11,749 - INFO - Integridad validada exitosamente para Unidad=, Año=2026. Sin descuadres.
2026-06-11 18:52:39,094 - WARNING - --- DETECTADAS DISCREPANCIAS DE INTEGRIDAD (EERR V2) - Unidad=, Año=2026 ---
2026-06-11 18:52:39,094 - WARNING - Cuenta transaccional activa sin mapear en mapping_groups_v2: Partida='Gastos de uniformes y dotación al personal', OdooCode='6.01.02.03.002'
2026-06-11 18:58:16,295 - WARNING - --- DETECTADAS DISCREPANCIAS DE INTEGRIDAD (EERR V2) - Unidad=, Año=2026 ---
2026-06-11 18:58:16,295 - WARNING - Cuenta transaccional activa sin mapear en mapping_groups_v2: Partida='Gastos de uniformes y dotación al personal', OdooCode='6.01.02.03.002'
2026-06-11 19:09:57,719 - WARNING - --- DETECTADAS DISCREPANCIAS DE INTEGRIDAD (EERR V2) - Unidad=Rodeo, Año=2026 ---
2026-06-11 19:09:57,719 - WARNING - Descuadre contra Excel Baseline en [Total Ingresos]: Esperado=47933.03, Obtenido=13800.00 (Diff=34133.03)
2026-06-11 19:09:57,719 - WARNING - Descuadre contra Excel Baseline en [Total Costo de Ventas]: Esperado=20670.85, Obtenido=9050.00 (Diff=11620.85)
2026-06-11 19:09:57,719 - WARNING - Descuadre contra Excel Baseline en [Utilidad Bruta]: Esperado=27262.18, Obtenido=4750.00 (Diff=22512.18)
2026-06-11 19:09:57,719 - WARNING - Descuadre contra Excel Baseline en [Gastos Bancarios]: Esperado=1415.25, Obtenido=30.00 (Diff=1385.25)
2026-06-11 19:09:57,719 - WARNING - Descuadre contra Excel Baseline en [Utilidad antes de intereses, impuestos, depreciación y amortización (EBITDA)]: Esperado=15382.66, Obtenido=3530.00 (Diff=11852.66)
2026-06-11 19:09:57,719 - WARNING - Descuadre contra Excel Baseline en [Utilidad Neta]: Esperado=-3513.65, Obtenido=3710.00 (Diff=7223.65)
2026-06-11 19:09:57,719 - WARNING - Cuenta transaccional activa sin mapear en mapping_groups_v2: Partida='Gastos de uniformes y dotación al personal', OdooCode='6.01.02.03.002'
2026-06-11 19:10:42,958 - INFO - Integridad validada exitosamente para Unidad=Rodeo, Año=2026. Sin descuadres.
2026-06-11 19:12:17,128 - INFO - Integridad validada exitosamente para Unidad=, Año=2026. Sin descuadres.
2026-06-11 19:14:28,771 - INFO - Integridad validada exitosamente para Unidad=Rodeo, Año=2026. Sin descuadres.
2026-06-11 19:30:47,490 - INFO - Integridad validada exitosamente para Unidad=, Año=2026. Sin descuadres.
2026-06-11 19:30:48,249 - INFO - Integridad validada exitosamente para Unidad=, Año=2026. Sin descuadres.
2026-06-11 19:30:49,199 - INFO - Integridad validada exitosamente para Unidad=, Año=2026. Sin descuadres.
2026-06-11 19:31:00,511 - WARNING - --- DETECTADAS DISCREPANCIAS DE INTEGRIDAD (EERR V2) - Unidad=, Año=2026 ---
2026-06-11 19:31:00,511 - WARNING - Cuenta transaccional activa sin mapear en mapping_groups_v2: Partida='Gastos de uniformes y dotación al personal', OdooCode='6.01.02.03.002'
2026-06-11 19:46:57,398 - WARNING - --- DETECTADAS DISCREPANCIAS DE INTEGRIDAD (EERR V2) - Unidad=Rodeo, Año=2026 ---
2026-06-11 19:46:57,398 - WARNING - Descuadre contra Excel Baseline en [Total Ingresos]: Esperado=47933.03, Obtenido=13800.00 (Diff=34133.03)
2026-06-11 19:46:57,398 - WARNING - Descuadre contra Excel Baseline en [Total Costo de Ventas]: Esperado=20670.85, Obtenido=9050.00 (Diff=11620.85)
2026-06-11 19:46:57,398 - WARNING - Descuadre contra Excel Baseline en [Utilidad Bruta]: Esperado=27262.18, Obtenido=4750.00 (Diff=22512.18)
2026-06-11 19:46:57,398 - WARNING - Descuadre contra Excel Baseline en [Gastos Bancarios]: Esperado=1415.25, Obtenido=30.00 (Diff=1385.25)
2026-06-11 19:46:57,398 - WARNING - Descuadre contra Excel Baseline en [Utilidad antes de intereses, impuestos, depreciación y amortización (EBITDA)]: Esperado=15382.66, Obtenido=3530.00 (Diff=11852.66)
2026-06-11 19:46:57,398 - WARNING - Descuadre contra Excel Baseline en [Utilidad Neta]: Esperado=-3513.65, Obtenido=3710.00 (Diff=7223.65)
2026-06-11 19:46:57,398 - WARNING - Cuenta transaccional activa sin mapear en mapping_groups_v2: Partida='Gastos de uniformes y dotación al personal', OdooCode='6.01.02.03.002'
2026-06-11 19:47:05,160 - WARNING - --- DETECTADAS DISCREPANCIAS DE INTEGRIDAD (EERR V2) - Unidad=Rodeo, Año=2026 ---
2026-06-11 19:47:05,160 - WARNING - Descuadre contra Excel Baseline en [Total Ingresos]: Esperado=47933.03, Obtenido=13800.00 (Diff=34133.03)
2026-06-11 19:47:05,160 - WARNING - Descuadre contra Excel Baseline en [Total Costo de Ventas]: Esperado=20670.85, Obtenido=9050.00 (Diff=11620.85)
2026-06-11 19:47:05,160 - WARNING - Descuadre contra Excel Baseline en [Utilidad Bruta]: Esperado=27262.18, Obtenido=4750.00 (Diff=22512.18)
2026-06-11 19:47:05,160 - WARNING - Descuadre contra Excel Baseline en [Gastos Bancarios]: Esperado=1415.25, Obtenido=30.00 (Diff=1385.25)
2026-06-11 19:47:05,160 - WARNING - Descuadre contra Excel Baseline en [Utilidad antes de intereses, impuestos, depreciación y amortización (EBITDA)]: Esperado=15382.66, Obtenido=3530.00 (Diff=11852.66)
2026-06-11 19:47:05,160 - WARNING - Descuadre contra Excel Baseline en [Utilidad Neta]: Esperado=-3513.65, Obtenido=3710.00 (Diff=7223.65)
2026-06-11 19:47:05,161 - WARNING - Cuenta transaccional activa sin mapear en mapping_groups_v2: Partida='Gastos de uniformes y dotación al personal', OdooCode='6.01.02.03.002'
2026-06-11 19:47:13,737 - WARNING - --- DETECTADAS DISCREPANCIAS DE INTEGRIDAD (EERR V2) - Unidad=Rodeo, Año=2026 ---
2026-06-11 19:47:13,737 - WARNING - Descuadre contra Excel Baseline en [Total Ingresos]: Esperado=47933.03, Obtenido=13800.00 (Diff=34133.03)
2026-06-11 19:47:13,737 - WARNING - Descuadre contra Excel Baseline en [Total Costo de Ventas]: Esperado=20670.85, Obtenido=9050.00 (Diff=11620.85)
2026-06-11 19:47:13,737 - WARNING - Descuadre contra Excel Baseline en [Utilidad Bruta]: Esperado=27262.18, Obtenido=4750.00 (Diff=22512.18)
2026-06-11 19:47:13,737 - WARNING - Descuadre contra Excel Baseline en [Gastos Bancarios]: Esperado=1415.25, Obtenido=30.00 (Diff=1385.25)
2026-06-11 19:47:13,737 - WARNING - Descuadre contra Excel Baseline en [Utilidad antes de intereses, impuestos, depreciación y amortización (EBITDA)]: Esperado=15382.66, Obtenido=3530.00 (Diff=11852.66)
2026-06-11 19:47:13,737 - WARNING - Descuadre contra Excel Baseline en [Utilidad Neta]: Esperado=-3513.65, Obtenido=3710.00 (Diff=7223.65)
2026-06-11 19:47:13,737 - WARNING - Cuenta transaccional activa sin mapear en mapping_groups_v2: Partida='Gastos de uniformes y dotación al personal', OdooCode='6.01.02.03.002'
2026-06-11 19:47:52,392 - WARNING - --- DETECTADAS DISCREPANCIAS DE INTEGRIDAD (EERR V2) - Unidad=Rodeo, Año=2026 ---
2026-06-11 19:47:52,392 - WARNING - Descuadre contra Excel Baseline en [Total Ingresos]: Esperado=47933.03, Obtenido=13800.00 (Diff=34133.03)
2026-06-11 19:47:52,392 - WARNING - Descuadre contra Excel Baseline en [Total Costo de Ventas]: Esperado=20670.85, Obtenido=9050.00 (Diff=11620.85)
2026-06-11 19:47:52,392 - WARNING - Descuadre contra Excel Baseline en [Utilidad Bruta]: Esperado=27262.18, Obtenido=4750.00 (Diff=22512.18)
2026-06-11 19:47:52,392 - WARNING - Descuadre contra Excel Baseline en [Gastos Bancarios]: Esperado=1415.25, Obtenido=30.00 (Diff=1385.25)
2026-06-11 19:47:52,392 - WARNING - Descuadre contra Excel Baseline en [Utilidad antes de intereses, impuestos, depreciación y amortización (EBITDA)]: Esperado=15382.66, Obtenido=3530.00 (Diff=11852.66)
2026-06-11 19:47:52,392 - WARNING - Descuadre contra Excel Baseline en [Utilidad Neta]: Esperado=-3513.65, Obtenido=3710.00 (Diff=7223.65)
2026-06-11 19:47:52,392 - WARNING - Cuenta transaccional activa sin mapear en mapping_groups_v2: Partida='Gastos de uniformes y dotación al personal', OdooCode='6.01.02.03.002'
2026-06-11 19:49:01,533 - WARNING - --- DETECTADAS DISCREPANCIAS DE INTEGRIDAD (EERR V2) - Unidad=, Año=2026 ---
2026-06-11 19:49:01,533 - WARNING - Cuenta transaccional activa sin mapear en mapping_groups_v2: Partida='Gastos de uniformes y dotación al personal', OdooCode='6.01.02.03.002'
2026-06-11 19:52:41,533 - WARNING - --- DETECTADAS DISCREPANCIAS DE INTEGRIDAD (EERR V2) - Unidad=, Año=2026 ---
2026-06-11 19:52:41,533 - WARNING - Cuenta transaccional activa sin mapear en mapping_groups_v2: Partida='Gastos de uniformes y dotación al personal', OdooCode='6.01.02.03.002'
2026-06-11 20:01:03,223 - WARNING - --- DETECTADAS DISCREPANCIAS DE INTEGRIDAD (EERR V2) - Unidad=Rodeo, Año=2026 ---
2026-06-11 20:01:03,224 - WARNING - Descuadre contra Excel Baseline en [Total Ingresos]: Esperado=47933.03, Obtenido=13800.00 (Diff=34133.03)
2026-06-11 20:01:03,224 - WARNING - Descuadre contra Excel Baseline en [Total Costo de Ventas]: Esperado=20670.85, Obtenido=9050.00 (Diff=11620.85)
2026-06-11 20:01:03,224 - WARNING - Descuadre contra Excel Baseline en [Utilidad Bruta]: Esperado=27262.18, Obtenido=4750.00 (Diff=22512.18)
2026-06-11 20:01:03,224 - WARNING - Descuadre contra Excel Baseline en [Gastos Bancarios]: Esperado=1415.25, Obtenido=30.00 (Diff=1385.25)
2026-06-11 20:01:03,224 - WARNING - Descuadre contra Excel Baseline en [Utilidad antes de intereses, impuestos, depreciación y amortización (EBITDA)]: Esperado=15382.66, Obtenido=3530.00 (Diff=11852.66)
2026-06-11 20:01:03,224 - WARNING - Descuadre contra Excel Baseline en [Utilidad Neta]: Esperado=-3513.65, Obtenido=3710.00 (Diff=7223.65)
2026-06-11 20:01:03,224 - WARNING - Cuenta transaccional activa sin mapear en mapping_groups_v2: Partida='Gastos de uniformes y dotación al personal', OdooCode='6.01.02.03.002'
2026-06-11 20:20:58,987 - WARNING - --- DETECTADAS DISCREPANCIAS DE INTEGRIDAD (EERR V2) - Unidad=, Año=2026 ---
2026-06-11 20:20:58,987 - WARNING - Cuenta transaccional activa sin mapear en mapping_groups_v2: Partida='Gastos de uniformes y dotación al personal', OdooCode='6.01.02.03.002'
2026-06-11 20:28:25,875 - WARNING - --- DETECTADAS DISCREPANCIAS DE INTEGRIDAD (EERR V2) - Unidad=, Año=2026 ---
2026-06-11 20:28:25,875 - WARNING - Cuenta transaccional activa sin mapear en mapping_groups_v2: Partida='Gastos de uniformes y dotación al personal', OdooCode='6.01.02.03.002'
2026-06-11 20:28:41,129 - WARNING - --- DETECTADAS DISCREPANCIAS DE INTEGRIDAD (EERR V2) - Unidad=, Año=2026 ---
2026-06-11 20:28:41,129 - WARNING - Cuenta transaccional activa sin mapear en mapping_groups_v2: Partida='Gastos de uniformes y dotación al personal', OdooCode='6.01.02.03.002'
2026-06-11 20:31:21,486 - WARNING - --- DETECTADAS DISCREPANCIAS DE INTEGRIDAD (EERR V2) - Unidad=, Año=2026 ---
2026-06-11 20:31:21,487 - WARNING - Cuenta transaccional activa sin mapear en mapping_groups_v2: Partida='Gastos de uniformes y dotación al personal', OdooCode='6.01.02.03.002'
2026-06-11 20:32:48,313 - WARNING - --- DETECTADAS DISCREPANCIAS DE INTEGRIDAD (EERR V2) - Unidad=, Año=2026 ---
2026-06-11 20:32:48,313 - WARNING - Cuenta transaccional activa sin mapear en mapping_groups_v2: Partida='Gastos de uniformes y dotación al personal', OdooCode='6.01.02.03.002'
2026-06-11 20:32:59,947 - WARNING - --- DETECTADAS DISCREPANCIAS DE INTEGRIDAD (EERR V2) - Unidad=, Año=2026 ---
2026-06-11 20:32:59,947 - WARNING - Cuenta transaccional activa sin mapear en mapping_groups_v2: Partida='Gastos de uniformes y dotación al personal', OdooCode='6.01.02.03.002'
2026-06-11 20:33:39,641 - WARNING - --- DETECTADAS DISCREPANCIAS DE INTEGRIDAD (EERR V2) - Unidad=, Año=2026 ---
2026-06-11 20:33:39,641 - WARNING - Cuenta transaccional activa sin mapear en mapping_groups_v2: Partida='Gastos de uniformes y dotación al personal', OdooCode='6.01.02.03.002'
2026-06-12 13:46:07,923 - WARNING - --- DETECTADAS DISCREPANCIAS DE INTEGRIDAD (EERR V2) - Unidad=Rodeo, Año=2026 ---
2026-06-12 13:46:07,923 - WARNING - Descuadre contra Excel Baseline en [Total Ingresos]: Esperado=47933.03, Obtenido=13800.00 (Diff=34133.03)
2026-06-12 13:46:07,923 - WARNING - Descuadre contra Excel Baseline en [Total Costo de Ventas]: Esperado=20670.85, Obtenido=9050.00 (Diff=11620.85)
2026-06-12 13:46:07,923 - WARNING - Descuadre contra Excel Baseline en [Utilidad Bruta]: Esperado=27262.18, Obtenido=4750.00 (Diff=22512.18)
2026-06-12 13:46:07,923 - WARNING - Descuadre contra Excel Baseline en [Gastos Bancarios]: Esperado=1415.25, Obtenido=30.00 (Diff=1385.25)
2026-06-12 13:46:07,923 - WARNING - Descuadre contra Excel Baseline en [Utilidad antes de intereses, impuestos, depreciación y amortización (EBITDA)]: Esperado=15382.66, Obtenido=3530.00 (Diff=11852.66)
2026-06-12 13:46:07,923 - WARNING - Descuadre contra Excel Baseline en [Utilidad Neta]: Esperado=-3513.65, Obtenido=3710.00 (Diff=7223.65)
2026-06-12 13:46:07,923 - WARNING - Cuenta transaccional activa sin mapear en mapping_groups_v2: Partida='Gastos de uniformes y dotación al personal', OdooCode='6.01.02.03.002'
2026-06-12 13:48:43,257 - INFO - Integridad validada exitosamente para Unidad=Rodeo, Año=2026. Sin descuadres.
2026-06-12 13:53:58,873 - INFO - Integridad validada exitosamente para Unidad=, Año=2026. Sin descuadres.
2026-06-12 13:54:03,882 - INFO - Integridad validada exitosamente para Unidad=, Año=2026. Sin descuadres.
2026-06-12 14:14:17,966 - INFO - Integridad validada exitosamente para Unidad=Rodeo, Año=2026. Sin descuadres.
2026-06-12 14:17:08,189 - WARNING - --- DETECTADAS DISCREPANCIAS DE INTEGRIDAD (EERR V2) - Unidad=Rodeo, Año=2026 ---
2026-06-12 14:17:08,189 - WARNING - Descuadre contra Excel Baseline en [Total Ingresos]: Esperado=47933.03, Obtenido=13800.00 (Diff=34133.03)
2026-06-12 14:17:08,189 - WARNING - Descuadre contra Excel Baseline en [Total Costo de Ventas]: Esperado=20670.85, Obtenido=9050.00 (Diff=11620.85)
2026-06-12 14:17:08,189 - WARNING - Descuadre contra Excel Baseline en [Utilidad Bruta]: Esperado=27262.18, Obtenido=4750.00 (Diff=22512.18)
2026-06-12 14:17:08,189 - WARNING - Descuadre contra Excel Baseline en [Gastos Bancarios]: Esperado=1415.25, Obtenido=30.00 (Diff=1385.25)
2026-06-12 14:17:08,189 - WARNING - Descuadre contra Excel Baseline en [Utilidad antes de intereses, impuestos, depreciación y amortización (EBITDA)]: Esperado=15382.66, Obtenido=3530.00 (Diff=11852.66)
2026-06-12 14:17:08,189 - WARNING - Descuadre contra Excel Baseline en [Utilidad Neta]: Esperado=-3513.65, Obtenido=3710.00 (Diff=7223.65)
2026-06-12 14:17:08,189 - WARNING - Cuenta transaccional activa sin mapear en mapping_groups_v2: Partida='Gastos de uniformes y dotación al personal', OdooCode='6.01.02.03.002'
2026-06-12 14:17:32,444 - WARNING - --- DETECTADAS DISCREPANCIAS DE INTEGRIDAD (EERR V2) - Unidad=Rodeo, Año=2026 ---
2026-06-12 14:17:32,444 - WARNING - Descuadre contra Excel Baseline en [Total Ingresos]: Esperado=47933.03, Obtenido=13800.00 (Diff=34133.03)
2026-06-12 14:17:32,444 - WARNING - Descuadre contra Excel Baseline en [Total Costo de Ventas]: Esperado=20670.85, Obtenido=9050.00 (Diff=11620.85)
2026-06-12 14:17:32,444 - WARNING - Descuadre contra Excel Baseline en [Utilidad Bruta]: Esperado=27262.18, Obtenido=4750.00 (Diff=22512.18)
2026-06-12 14:17:32,444 - WARNING - Descuadre contra Excel Baseline en [Gastos Bancarios]: Esperado=1415.25, Obtenido=30.00 (Diff=1385.25)
2026-06-12 14:17:32,444 - WARNING - Descuadre contra Excel Baseline en [Utilidad antes de intereses, impuestos, depreciación y amortización (EBITDA)]: Esperado=15382.66, Obtenido=3530.00 (Diff=11852.66)
2026-06-12 14:17:32,444 - WARNING - Descuadre contra Excel Baseline en [Utilidad Neta]: Esperado=-3513.65, Obtenido=3710.00 (Diff=7223.65)
2026-06-12 14:17:32,444 - WARNING - Cuenta transaccional activa sin mapear en mapping_groups_v2: Partida='Gastos de uniformes y dotación al personal', OdooCode='6.01.02.03.002'
2026-06-12 14:17:57,853 - INFO - Integridad validada exitosamente para Unidad=Rodeo, Año=2026. Sin descuadres.
2026-06-12 14:19:26,940 - INFO - Integridad validada exitosamente para Unidad=Rodeo, Año=2026. Sin descuadres.
2026-06-12 14:35:40,865 - WARNING - --- DETECTADAS DISCREPANCIAS DE INTEGRIDAD (EERR V2) - Unidad=, Año=2026 ---
2026-06-12 14:35:40,865 - WARNING - Cuenta transaccional activa sin mapear en mapping_groups_v2: Partida='Gastos de uniformes y dotación al personal', OdooCode='6.01.02.03.002'
2026-06-12 14:35:52,736 - WARNING - --- DETECTADAS DISCREPANCIAS DE INTEGRIDAD (EERR V2) - Unidad=, Año=2026 ---
2026-06-12 14:35:52,736 - WARNING - Cuenta transaccional activa sin mapear en mapping_groups_v2: Partida='Gastos de uniformes y dotación al personal', OdooCode='6.01.02.03.002'
2026-06-12 14:36:47,229 - WARNING - --- DETECTADAS DISCREPANCIAS DE INTEGRIDAD (EERR V2) - Unidad=, Año=2026 ---
2026-06-12 14:36:47,229 - WARNING - Cuenta transaccional activa sin mapear en mapping_groups_v2: Partida='Gastos de uniformes y dotación al personal', OdooCode='6.01.02.03.002'
2026-06-12 14:47:56,667 - WARNING - --- DETECTADAS DISCREPANCIAS DE INTEGRIDAD (EERR V2) - Unidad=Rodeo, Año=2026 ---
2026-06-12 14:47:56,667 - WARNING - Descuadre contra Excel Baseline en [Total Ingresos]: Esperado=47933.03, Obtenido=13800.00 (Diff=34133.03)
2026-06-12 14:47:56,667 - WARNING - Descuadre contra Excel Baseline en [Total Costo de Ventas]: Esperado=20670.85, Obtenido=9050.00 (Diff=11620.85)
2026-06-12 14:47:56,667 - WARNING - Descuadre contra Excel Baseline en [Utilidad Bruta]: Esperado=27262.18, Obtenido=4750.00 (Diff=22512.18)
2026-06-12 14:47:56,667 - WARNING - Descuadre contra Excel Baseline en [Gastos Bancarios]: Esperado=1415.25, Obtenido=30.00 (Diff=1385.25)
2026-06-12 14:47:56,667 - WARNING - Descuadre contra Excel Baseline en [Utilidad antes de intereses, impuestos, depreciación y amortización (EBITDA)]: Esperado=15382.66, Obtenido=3530.00 (Diff=11852.66)
2026-06-12 14:47:56,667 - WARNING - Descuadre contra Excel Baseline en [Utilidad Neta]: Esperado=-3513.65, Obtenido=3710.00 (Diff=7223.65)
2026-06-12 14:47:56,667 - WARNING - Cuenta transaccional activa sin mapear en mapping_groups_v2: Partida='Gastos de uniformes y dotación al personal', OdooCode='6.01.02.03.002'
2026-06-12 14:52:37,611 - WARNING - --- DETECTADAS DISCREPANCIAS DE INTEGRIDAD (EERR V2) - Unidad=, Año=2026 ---
2026-06-12 14:52:37,611 - WARNING - Cuenta transaccional activa sin mapear en mapping_groups_v2: Partida='Gastos de uniformes y dotación al personal', OdooCode='6.01.02.03.002'
2026-06-12 14:52:42,240 - WARNING - --- DETECTADAS DISCREPANCIAS DE INTEGRIDAD (EERR V2) - Unidad=, Año=2026 ---
2026-06-12 14:52:42,240 - WARNING - Cuenta transaccional activa sin mapear en mapping_groups_v2: Partida='Gastos de uniformes y dotación al personal', OdooCode='6.01.02.03.002'
2026-06-12 15:05:09,936 - WARNING - --- DETECTADAS DISCREPANCIAS DE INTEGRIDAD (EERR V2) - Unidad=Rodeo, Año=2026 ---
2026-06-12 15:05:09,936 - WARNING - Descuadre contra Excel Baseline en [Total Ingresos]: Esperado=47933.03, Obtenido=13800.00 (Diff=34133.03)
2026-06-12 15:05:09,936 - WARNING - Descuadre contra Excel Baseline en [Total Costo de Ventas]: Esperado=20670.85, Obtenido=9050.00 (Diff=11620.85)
2026-06-12 15:05:09,936 - WARNING - Descuadre contra Excel Baseline en [Utilidad Bruta]: Esperado=27262.18, Obtenido=4750.00 (Diff=22512.18)
2026-06-12 15:05:09,936 - WARNING - Descuadre contra Excel Baseline en [Gastos Bancarios]: Esperado=1415.25, Obtenido=30.00 (Diff=1385.25)
2026-06-12 15:05:09,936 - WARNING - Descuadre contra Excel Baseline en [Utilidad antes de intereses, impuestos, depreciación y amortización (EBITDA)]: Esperado=15382.66, Obtenido=3530.00 (Diff=11852.66)
2026-06-12 15:05:09,936 - WARNING - Descuadre contra Excel Baseline en [Utilidad Neta]: Esperado=-3513.65, Obtenido=3710.00 (Diff=7223.65)
2026-06-12 15:05:09,936 - WARNING - Cuenta transaccional activa sin mapear en mapping_groups_v2: Partida='Gastos de uniformes y dotación al personal', OdooCode='6.01.02.03.002'
2026-06-12 15:07:33,856 - WARNING - --- DETECTADAS DISCREPANCIAS DE INTEGRIDAD (EERR V2) - Unidad=Rodeo, Año=2026 ---
2026-06-12 15:07:33,856 - WARNING - Descuadre contra Excel Baseline en [Total Ingresos]: Esperado=47933.03, Obtenido=13800.00 (Diff=34133.03)
2026-06-12 15:07:33,856 - WARNING - Descuadre contra Excel Baseline en [Total Costo de Ventas]: Esperado=20670.85, Obtenido=9050.00 (Diff=11620.85)
2026-06-12 15:07:33,856 - WARNING - Descuadre contra Excel Baseline en [Utilidad Bruta]: Esperado=27262.18, Obtenido=4750.00 (Diff=22512.18)
2026-06-12 15:07:33,856 - WARNING - Descuadre contra Excel Baseline en [Gastos Bancarios]: Esperado=1415.25, Obtenido=30.00 (Diff=1385.25)
2026-06-12 15:07:33,856 - WARNING - Descuadre contra Excel Baseline en [Utilidad antes de intereses, impuestos, depreciación y amortización (EBITDA)]: Esperado=15382.66, Obtenido=3530.00 (Diff=11852.66)
2026-06-12 15:07:33,856 - WARNING - Descuadre contra Excel Baseline en [Utilidad Neta]: Esperado=-3513.65, Obtenido=3710.00 (Diff=7223.65)
2026-06-12 15:07:33,856 - WARNING - Cuenta transaccional activa sin mapear en mapping_groups_v2: Partida='Gastos de uniformes y dotación al personal', OdooCode='6.01.02.03.002'
2026-06-12 15:22:06,058 - WARNING - --- DETECTADAS DISCREPANCIAS DE INTEGRIDAD (EERR V2) - Unidad=Rodeo, Año=2026 ---
2026-06-12 15:22:06,058 - WARNING - Descuadre contra Excel Baseline en [Total Ingresos]: Esperado=47933.03, Obtenido=13800.00 (Diff=34133.03)
2026-06-12 15:22:06,058 - WARNING - Descuadre contra Excel Baseline en [Total Costo de Ventas]: Esperado=20670.85, Obtenido=9050.00 (Diff=11620.85)
2026-06-12 15:22:06,058 - WARNING - Descuadre contra Excel Baseline en [Utilidad Bruta]: Esperado=27262.18, Obtenido=4750.00 (Diff=22512.18)
2026-06-12 15:22:06,058 - WARNING - Descuadre contra Excel Baseline en [Gastos Bancarios]: Esperado=1415.25, Obtenido=30.00 (Diff=1385.25)
2026-06-12 15:22:06,058 - WARNING - Descuadre contra Excel Baseline en [Utilidad antes de intereses, impuestos, depreciación y amortización (EBITDA)]: Esperado=15382.66, Obtenido=3530.00 (Diff=11852.66)
2026-06-12 15:22:06,058 - WARNING - Descuadre contra Excel Baseline en [Utilidad Neta]: Esperado=-3513.65, Obtenido=3710.00 (Diff=7223.65)
2026-06-12 15:22:06,058 - WARNING - Cuenta transaccional activa sin mapear en mapping_groups_v2: Partida='Gastos de uniformes y dotación al personal', OdooCode='6.01.02.03.002'
2026-06-12 15:22:30,542 - WARNING - --- DETECTADAS DISCREPANCIAS DE INTEGRIDAD (EERR V2) - Unidad=Rodeo, Año=2026 ---
2026-06-12 15:22:30,542 - WARNING - Descuadre contra Excel Baseline en [Total Ingresos]: Esperado=47933.03, Obtenido=13800.00 (Diff=34133.03)
2026-06-12 15:22:30,542 - WARNING - Descuadre contra Excel Baseline en [Total Costo de Ventas]: Esperado=20670.85, Obtenido=9050.00 (Diff=11620.85)
2026-06-12 15:22:30,542 - WARNING - Descuadre contra Excel Baseline en [Utilidad Bruta]: Esperado=27262.18, Obtenido=4750.00 (Diff=22512.18)
2026-06-12 15:22:30,542 - WARNING - Descuadre contra Excel Baseline en [Gastos Bancarios]: Esperado=1415.25, Obtenido=30.00 (Diff=1385.25)
2026-06-12 15:22:30,543 - WARNING - Descuadre contra Excel Baseline en [Utilidad antes de intereses, impuestos, depreciación y amortización (EBITDA)]: Esperado=15382.66, Obtenido=3530.00 (Diff=11852.66)
2026-06-12 15:22:30,543 - WARNING - Descuadre contra Excel Baseline en [Utilidad Neta]: Esperado=-3513.65, Obtenido=3710.00 (Diff=7223.65)
2026-06-12 15:22:30,543 - WARNING - Cuenta transaccional activa sin mapear en mapping_groups_v2: Partida='Gastos de uniformes y dotación al personal', OdooCode='6.01.02.03.002'
2026-06-12 15:22:52,232 - WARNING - --- DETECTADAS DISCREPANCIAS DE INTEGRIDAD (EERR V2) - Unidad=Rodeo, Año=2026 ---
2026-06-12 15:22:52,232 - WARNING - Descuadre contra Excel Baseline en [Total Ingresos]: Esperado=47933.03, Obtenido=13800.00 (Diff=34133.03)
2026-06-12 15:22:52,232 - WARNING - Descuadre contra Excel Baseline en [Total Costo de Ventas]: Esperado=20670.85, Obtenido=9050.00 (Diff=11620.85)
2026-06-12 15:22:52,232 - WARNING - Descuadre contra Excel Baseline en [Utilidad Bruta]: Esperado=27262.18, Obtenido=4750.00 (Diff=22512.18)
2026-06-12 15:22:52,232 - WARNING - Descuadre contra Excel Baseline en [Gastos Bancarios]: Esperado=1415.25, Obtenido=30.00 (Diff=1385.25)
2026-06-12 15:22:52,232 - WARNING - Descuadre contra Excel Baseline en [Utilidad antes de intereses, impuestos, depreciación y amortización (EBITDA)]: Esperado=15382.66, Obtenido=3530.00 (Diff=11852.66)
2026-06-12 15:22:52,232 - WARNING - Descuadre contra Excel Baseline en [Utilidad Neta]: Esperado=-3513.65, Obtenido=3710.00 (Diff=7223.65)
2026-06-12 15:22:52,232 - WARNING - Cuenta transaccional activa sin mapear en mapping_groups_v2: Partida='Gastos de uniformes y dotación al personal', OdooCode='6.01.02.03.002'
2026-06-12 15:22:59,229 - WARNING - --- DETECTADAS DISCREPANCIAS DE INTEGRIDAD (EERR V2) - Unidad=Rodeo, Año=2026 ---
2026-06-12 15:22:59,229 - WARNING - Descuadre contra Excel Baseline en [Total Ingresos]: Esperado=47933.03, Obtenido=13800.00 (Diff=34133.03)
2026-06-12 15:22:59,229 - WARNING - Descuadre contra Excel Baseline en [Total Costo de Ventas]: Esperado=20670.85, Obtenido=9050.00 (Diff=11620.85)
2026-06-12 15:22:59,229 - WARNING - Descuadre contra Excel Baseline en [Utilidad Bruta]: Esperado=27262.18, Obtenido=4750.00 (Diff=22512.18)
2026-06-12 15:22:59,229 - WARNING - Descuadre contra Excel Baseline en [Gastos Bancarios]: Esperado=1415.25, Obtenido=30.00 (Diff=1385.25)
2026-06-12 15:22:59,229 - WARNING - Descuadre contra Excel Baseline en [Utilidad antes de intereses, impuestos, depreciación y amortización (EBITDA)]: Esperado=15382.66, Obtenido=3530.00 (Diff=11852.66)
2026-06-12 15:22:59,229 - WARNING - Descuadre contra Excel Baseline en [Utilidad Neta]: Esperado=-3513.65, Obtenido=3710.00 (Diff=7223.65)
2026-06-12 15:22:59,229 - WARNING - Cuenta transaccional activa sin mapear en mapping_groups_v2: Partida='Gastos de uniformes y dotación al personal', OdooCode='6.01.02.03.002'
2026-06-12 15:32:55,562 - WARNING - --- DETECTADAS DISCREPANCIAS DE INTEGRIDAD (EERR V2) - Unidad=Rodeo, Año=2026 ---
2026-06-12 15:32:55,562 - WARNING - Cuenta transaccional activa sin mapear en mapping_groups_v2: Partida='Gastos de uniformes y dotación al personal', OdooCode='6.01.02.03.002'
2026-06-12 15:50:47,916 - WARNING - --- DETECTADAS DISCREPANCIAS DE INTEGRIDAD (EERR V2) - Unidad=, Año=2026 ---
2026-06-12 15:50:47,916 - WARNING - Cuenta transaccional activa sin mapear en mapping_groups_v2: Partida='Gastos de uniformes y dotación al personal', OdooCode='6.01.02.03.002'
2026-06-12 15:50:49,359 - WARNING - --- DETECTADAS DISCREPANCIAS DE INTEGRIDAD (EERR V2) - Unidad=, Año=2026 ---
2026-06-12 15:50:49,359 - WARNING - Cuenta transaccional activa sin mapear en mapping_groups_v2: Partida='Gastos de uniformes y dotación al personal', OdooCode='6.01.02.03.002'
2026-06-12 15:51:14,620 - WARNING - --- DETECTADAS DISCREPANCIAS DE INTEGRIDAD (EERR V2) - Unidad=, Año=2026 ---
2026-06-12 15:51:14,620 - WARNING - Cuenta transaccional activa sin mapear en mapping_groups_v2: Partida='Gastos de uniformes y dotación al personal', OdooCode='6.01.02.03.002'
2026-06-12 15:51:16,584 - WARNING - --- DETECTADAS DISCREPANCIAS DE INTEGRIDAD (EERR V2) - Unidad=, Año=2026 ---
2026-06-12 15:51:16,584 - WARNING - Cuenta transaccional activa sin mapear en mapping_groups_v2: Partida='Gastos de uniformes y dotación al personal', OdooCode='6.01.02.03.002'
2026-06-12 20:49:19,969 - WARNING - --- DETECTADAS DISCREPANCIAS DE INTEGRIDAD (EERR V2) - Unidad=Rodeo, Año=2026 ---
2026-06-12 20:49:19,969 - WARNING - Cuenta transaccional activa sin mapear en mapping_groups_v2: Partida='Gastos de uniformes y dotación al personal', OdooCode='6.01.02.03.002'
2026-06-12 20:51:33,675 - INFO - Integridad validada exitosamente para Unidad=Rodeo, Año=2026. Sin descuadres.
2026-06-12 20:52:12,156 - WARNING - --- DETECTADAS DISCREPANCIAS DE INTEGRIDAD (EERR V2) - Unidad=Rodeo, Año=2026 ---
2026-06-12 20:52:12,156 - WARNING - Descuadre contra Excel Baseline en [Utilidad antes de intereses, impuestos, depreciación y amortización (EBITDA)]: Esperado=3530.00, Obtenido=3520.00 (Diff=10.00)
2026-06-12 20:52:12,156 - WARNING - Descuadre contra Excel Baseline en [Utilidad Neta]: Esperado=3710.00, Obtenido=3700.00 (Diff=10.00)
2026-06-12 20:52:19,146 - INFO - Integridad validada exitosamente para Unidad=Rodeo, Año=2026. Sin descuadres.
2026-06-12 20:55:32,375 - INFO - Integridad validada exitosamente para Unidad=, Año=2026. Sin descuadres.
2026-06-12 20:55:47,926 - INFO - Integridad validada exitosamente para Unidad=, Año=2026. Sin descuadres.
2026-06-12 21:05:56,252 - INFO - Integridad validada exitosamente para Unidad=Rodeo, Año=2026. Sin descuadres.
