DB inicializada en C:\Users\andre\Desktop\ultrax_app\data\ultrax.db
Migración completada
 * Serving Flask app 'app'
 * Debug mode: on
WARNING: This is a development server. Do not use it in a production deployment. Use a production WSGI server instead.
 * Running on all addresses (0.0.0.0)
 * Running on http://127.0.0.1:5000
 * Running on http://10.4.134.220:5000
Press CTRL+C to quit
 * Restarting with stat
 * Debugger is active!
 * Debugger PIN: 128-392-399
 * Detected change in 'C:\\Users\\andre\\Desktop\\ultrax_app\\db.py', reloading
DB inicializada en C:\Users\andre\Desktop\ultrax_app\data\ultrax.db
Migración completada
 * Restarting with stat
 * Debugger is active!
 * Debugger PIN: 128-392-399
 * Detected change in 'C:\\Users\\andre\\Desktop\\ultrax_app\\db.py', reloading
DB inicializada en C:\Users\andre\Desktop\ultrax_app\data\ultrax.db
Migración completada
 * Restarting with stat
 * Debugger is active!
 * Debugger PIN: 128-392-399
 * Detected change in 'C:\\Users\\andre\\Desktop\\ultrax_app\\app.py', reloading
Migración: columnas inicio/fin añadidas a tasas_periodo
DB inicializada en C:\Users\andre\Desktop\ultrax_app\data\ultrax.db
Migración completada
 * Restarting with stat
 * Debugger is active!
 * Debugger PIN: 128-392-399
 * Detected change in 'C:\\Users\\andre\\Desktop\\ultrax_app\\app.py', reloading
DB inicializada en C:\Users\andre\Desktop\ultrax_app\data\ultrax.db
Migración completada
 * Restarting with stat
 * Debugger is active!
 * Debugger PIN: 128-392-399
 * Detected change in 'C:\\Users\\andre\\Desktop\\ultrax_app\\app.py', reloading
DB inicializada en C:\Users\andre\Desktop\ultrax_app\data\ultrax.db
Migración completada
 * Restarting with stat
 * Debugger is active!
 * Debugger PIN: 128-392-399
 * Detected change in 'C:\\Users\\andre\\Desktop\\ultrax_app\\db.py', reloading
DB inicializada en C:\Users\andre\Desktop\ultrax_app\data\ultrax.db
Migración completada
 * Restarting with stat
 * Debugger is active!
 * Debugger PIN: 128-392-399
 * Detected change in 'C:\\Users\\andre\\Desktop\\ultrax_app\\db.py', reloading
DB inicializada en C:\Users\andre\Desktop\ultrax_app\data\ultrax.db
Migración completada
 * Restarting with stat
 * Debugger is active!
 * Debugger PIN: 128-392-399
 * Detected change in 'C:\\Users\\andre\\Desktop\\ultrax_app\\app.py', reloading
Migración: metodo_pago_cuenta convertido de enum a pct_cash
DB inicializada en C:\Users\andre\Desktop\ultrax_app\data\ultrax.db
Migración completada
 * Restarting with stat
 * Debugger is active!
 * Debugger PIN: 128-392-399
 * Detected change in 'C:\\Users\\andre\\Desktop\\ultrax_app\\app.py', reloading
DB inicializada en C:\Users\andre\Desktop\ultrax_app\data\ultrax.db
Migración completada
 * Restarting with stat
 * Debugger is active!
 * Debugger PIN: 128-392-399
 * Detected change in 'C:\\Users\\andre\\Desktop\\ultrax_app\\app.py', reloading
DB inicializada en C:\Users\andre\Desktop\ultrax_app\data\ultrax.db
Migración completada
 * Restarting with stat
 * Debugger is active!
 * Debugger PIN: 128-392-399
 * Detected change in 'C:\\Users\\andre\\Desktop\\ultrax_app\\app.py', reloading
DB inicializada en C:\Users\andre\Desktop\ultrax_app\data\ultrax.db
Migración completada
 * Restarting with stat
 * Debugger is active!
 * Debugger PIN: 128-392-399
 * Detected change in 'C:\\Users\\andre\\Desktop\\ultrax_app\\app.py', reloading
DB inicializada en C:\Users\andre\Desktop\ultrax_app\data\ultrax.db
Migración completada
 * Restarting with stat
 * Debugger is active!
 * Debugger PIN: 128-392-399
 * Detected change in 'C:\\Users\\andre\\Desktop\\ultrax_app\\engine.py', reloading
DB inicializada en C:\Users\andre\Desktop\ultrax_app\data\ultrax.db
Migración completada
 * Restarting with stat
 * Debugger is active!
 * Debugger PIN: 128-392-399
127.0.0.1 - - [03/Jun/2026 20:39:48] "GET / HTTP/1.1" 200 -
127.0.0.1 - - [03/Jun/2026 20:39:48] "GET /api/years HTTP/1.1" 200 -
127.0.0.1 - - [03/Jun/2026 20:39:48] "GET /api/dashboard?year=2026&unit=TODAS HTTP/1.1" 200 -
127.0.0.1 - - [03/Jun/2026 20:39:48] "GET /favicon.ico HTTP/1.1" 404 -
127.0.0.1 - - [03/Jun/2026 20:39:55] "GET /api/eerr/completo?year=2026&unit= HTTP/1.1" 200 -
127.0.0.1 - - [03/Jun/2026 20:40:21] "GET /api/dashboard?year=2026&unit=TODAS HTTP/1.1" 200 -
127.0.0.1 - - [03/Jun/2026 20:40:23] "GET /api/dashboard_divisa_real?year=2026&month=ENE&unit=TODAS HTTP/1.1" 500 -
Traceback (most recent call last):
  File "C:\Users\andre\AppData\Roaming\Python\Python314\site-packages\flask\app.py", line 1536, in __call__
    return self.wsgi_app(environ, start_response)
           ~~~~~~~~~~~~~^^^^^^^^^^^^^^^^^^^^^^^^^
  File "C:\Users\andre\AppData\Roaming\Python\Python314\site-packages\flask\app.py", line 1514, in wsgi_app
    response = self.handle_exception(e)
  File "C:\Users\andre\AppData\Roaming\Python\Python314\site-packages\flask\app.py", line 1511, in wsgi_app
    response = self.full_dispatch_request()
  File "C:\Users\andre\AppData\Roaming\Python\Python314\site-packages\flask\app.py", line 919, in full_dispatch_request
    rv = self.handle_user_exception(e)
  File "C:\Users\andre\AppData\Roaming\Python\Python314\site-packages\flask\app.py", line 917, in full_dispatch_request
    rv = self.dispatch_request()
  File "C:\Users\andre\AppData\Roaming\Python\Python314\site-packages\flask\app.py", line 902, in dispatch_request
    return self.ensure_sync(self.view_functions[rule.endpoint])(**view_args)  # type: ignore[no-any-return]
           ~~~~~~~~~~~~~~~~~~~~~~~~~~~~~~~~~~~~~~~~~~~~~~~~~~~~^^^^^^^^^^^^^
  File "C:\Users\andre\Desktop\ultrax_app\app.py", line 1308, in dashboard_divisa_real
    metodos_rows = db.execute(
    
sqlite3.OperationalError: no such column: metodo_pago
127.0.0.1 - - [03/Jun/2026 20:40:28] "GET /api/dashboard_divisa_real?year=2026&month=ENE&unit=Rodeo HTTP/1.1" 500 -
Traceback (most recent call last):
  File "C:\Users\andre\AppData\Roaming\Python\Python314\site-packages\flask\app.py", line 1536, in __call__
    return self.wsgi_app(environ, start_response)
           ~~~~~~~~~~~~~^^^^^^^^^^^^^^^^^^^^^^^^^
  File "C:\Users\andre\AppData\Roaming\Python\Python314\site-packages\flask\app.py", line 1514, in wsgi_app
    response = self.handle_exception(e)
  File "C:\Users\andre\AppData\Roaming\Python\Python314\site-packages\flask\app.py", line 1511, in wsgi_app
    response = self.full_dispatch_request()
  File "C:\Users\andre\AppData\Roaming\Python\Python314\site-packages\flask\app.py", line 919, in full_dispatch_request
    rv = self.handle_user_exception(e)
  File "C:\Users\andre\AppData\Roaming\Python\Python314\site-packages\flask\app.py", line 917, in full_dispatch_request
    rv = self.dispatch_request()
  File "C:\Users\andre\AppData\Roaming\Python\Python314\site-packages\flask\app.py", line 902, in dispatch_request
    return self.ensure_sync(self.view_functions[rule.endpoint])(**view_args)  # type: ignore[no-any-return]
           ~~~~~~~~~~~~~~~~~~~~~~~~~~~~~~~~~~~~~~~~~~~~~~~~~~~~^^^^^^^^^^^^^
  File "C:\Users\andre\Desktop\ultrax_app\app.py", line 1308, in dashboard_divisa_real
    metodos_rows = db.execute(
    
sqlite3.OperationalError: no such column: metodo_pago
127.0.0.1 - - [03/Jun/2026 20:40:34] "GET /api/comparativa?year=2026&unit= HTTP/1.1" 200 -
127.0.0.1 - - [03/Jun/2026 20:40:37] "GET /api/history HTTP/1.1" 200 -
127.0.0.1 - - [03/Jun/2026 20:40:39] "GET /api/mapping HTTP/1.1" 200 -
127.0.0.1 - - [03/Jun/2026 20:40:40] "GET /api/tasas?year=2026&month=ENE HTTP/1.1" 200 -
127.0.0.1 - - [03/Jun/2026 20:40:40] "GET /api/mapping HTTP/1.1" 200 -
127.0.0.1 - - [03/Jun/2026 20:40:40] "GET /api/metodo_pago?year=2026&month=ENE HTTP/1.1" 200 -
127.0.0.1 - - [03/Jun/2026 20:40:48] "GET /api/dashboard_divisa_real?year=2026&month=ENE&unit=Rodeo HTTP/1.1" 500 -
Traceback (most recent call last):
  File "C:\Users\andre\AppData\Roaming\Python\Python314\site-packages\flask\app.py", line 1536, in __call__
    return self.wsgi_app(environ, start_response)
           ~~~~~~~~~~~~~^^^^^^^^^^^^^^^^^^^^^^^^^
  File "C:\Users\andre\AppData\Roaming\Python\Python314\site-packages\flask\app.py", line 1514, in wsgi_app
    response = self.handle_exception(e)
  File "C:\Users\andre\AppData\Roaming\Python\Python314\site-packages\flask\app.py", line 1511, in wsgi_app
    response = self.full_dispatch_request()
  File "C:\Users\andre\AppData\Roaming\Python\Python314\site-packages\flask\app.py", line 919, in full_dispatch_request
    rv = self.handle_user_exception(e)
  File "C:\Users\andre\AppData\Roaming\Python\Python314\site-packages\flask\app.py", line 917, in full_dispatch_request
    rv = self.dispatch_request()
  File "C:\Users\andre\AppData\Roaming\Python\Python314\site-packages\flask\app.py", line 902, in dispatch_request
    return self.ensure_sync(self.view_functions[rule.endpoint])(**view_args)  # type: ignore[no-any-return]
           ~~~~~~~~~~~~~~~~~~~~~~~~~~~~~~~~~~~~~~~~~~~~~~~~~~~~^^^^^^^^^^^^^
  File "C:\Users\andre\Desktop\ultrax_app\app.py", line 1308, in dashboard_divisa_real
    metodos_rows = db.execute(
    
sqlite3.OperationalError: no such column: metodo_pago
127.0.0.1 - - [03/Jun/2026 20:40:49] "GET /api/dashboard?year=2026&unit=TODAS HTTP/1.1" 200 -
127.0.0.1 - - [03/Jun/2026 20:40:51] "GET /api/eerr/completo?year=2026&unit= HTTP/1.1" 200 -
127.0.0.1 - - [03/Jun/2026 20:41:39] "GET /api/eerr/completo?year=2026&unit=Rodeo HTTP/1.1" 200 -
127.0.0.1 - - [03/Jun/2026 20:41:42] "GET /api/eerr/completo?year=2026&unit= HTTP/1.1" 200 -
127.0.0.1 - - [03/Jun/2026 20:41:44] "GET /api/dashboard?year=2026&unit=TODAS HTTP/1.1" 200 -
127.0.0.1 - - [03/Jun/2026 20:41:51] "GET /api/dashboard_divisa_real?year=2026&month=ENE&unit=Rodeo HTTP/1.1" 500 -
Traceback (most recent call last):
  File "C:\Users\andre\AppData\Roaming\Python\Python314\site-packages\flask\app.py", line 1536, in __call__
    return self.wsgi_app(environ, start_response)
           ~~~~~~~~~~~~~^^^^^^^^^^^^^^^^^^^^^^^^^
  File "C:\Users\andre\AppData\Roaming\Python\Python314\site-packages\flask\app.py", line 1514, in wsgi_app
    response = self.handle_exception(e)
  File "C:\Users\andre\AppData\Roaming\Python\Python314\site-packages\flask\app.py", line 1511, in wsgi_app
    response = self.full_dispatch_request()
  File "C:\Users\andre\AppData\Roaming\Python\Python314\site-packages\flask\app.py", line 919, in full_dispatch_request
    rv = self.handle_user_exception(e)
  File "C:\Users\andre\AppData\Roaming\Python\Python314\site-packages\flask\app.py", line 917, in full_dispatch_request
    rv = self.dispatch_request()
  File "C:\Users\andre\AppData\Roaming\Python\Python314\site-packages\flask\app.py", line 902, in dispatch_request
    return self.ensure_sync(self.view_functions[rule.endpoint])(**view_args)  # type: ignore[no-any-return]
           ~~~~~~~~~~~~~~~~~~~~~~~~~~~~~~~~~~~~~~~~~~~~~~~~~~~~^^^^^^^^^^^^^
  File "C:\Users\andre\Desktop\ultrax_app\app.py", line 1308, in dashboard_divisa_real
    metodos_rows = db.execute(
    
sqlite3.OperationalError: no such column: metodo_pago
127.0.0.1 - - [03/Jun/2026 20:41:53] "GET /api/dashboard?year=2026&unit=TODAS HTTP/1.1" 200 -
127.0.0.1 - - [03/Jun/2026 20:41:54] "GET /api/eerr/detalle?year=2026&unit= HTTP/1.1" 200 -
127.0.0.1 - - [03/Jun/2026 20:41:54] "GET /api/eerr/completo?year=2026&unit= HTTP/1.1" 200 -
127.0.0.1 - - [03/Jun/2026 21:00:59] "POST /api/shutdown HTTP/1.1" 200 -
01] "GET /api/eerr/detalle?year=2026&unit= HTTP/1.1" 200 -
127.0.0.1 - - [03/Jun/2026 19:52:03] "GET /api/esf?year=2026&unit= HTTP/1.1" 200 -
127.0.0.1 - - [03/Jun/2026 19:52:06] "GET /api/budget?year=2026&unit= HTTP/1.1" 200 -
127.0.0.1 - - [03/Jun/2026 19:52:11] "GET /api/comparativa?year=2026&unit= HTTP/1.1" 200 -
127.0.0.1 - - [03/Jun/2026 19:52:12] "GET /api/history HTTP/1.1" 200 -
127.0.0.1 - - [03/Jun/2026 19:52:14] "GET /api/mapping HTTP/1.1" 200 -
127.0.0.1 - - [03/Jun/2026 19:52:16] "GET /api/tasas?year=2026&month=ENE HTTP/1.1" 200 -
127.0.0.1 - - [03/Jun/2026 19:52:16] "GET /api/mapping HTTP/1.1" 200 -
127.0.0.1 - - [03/Jun/2026 19:52:16] "GET /api/metodo_pago?year=2026&month=ENE HTTP/1.1" 200 -
127.0.0.1 - - [03/Jun/2026 19:53:25] "GET /api/dashboard?year=2026&unit=TODAS HTTP/1.1" 200 -
127.0.0.1 - - [03/Jun/2026 19:53:27] "GET /api/dashboard_divisa_real?year=2026&month=ENE&unit=TODAS HTTP/1.1" 500 -
Traceback (most recent call last):
  File "C:\Users\andre\AppData\Roaming\Python\Python314\site-packages\flask\app.py", line 1536, in __call__
    return self.wsgi_app(environ, start_response)
           ~~~~~~~~~~~~~^^^^^^^^^^^^^^^^^^^^^^^^^
  File "C:\Users\andre\AppData\Roaming\Python\Python314\site-packages\flask\app.py", line 1514, in wsgi_app
    response = self.handle_exception(e)
  File "C:\Users\andre\AppData\Roaming\Python\Python314\site-packages\flask\app.py", line 1511, in wsgi_app
    response = self.full_dispatch_request()
  File "C:\Users\andre\AppData\Roaming\Python\Python314\site-packages\flask\app.py", line 919, in full_dispatch_request
    rv = self.handle_user_exception(e)
  File "C:\Users\andre\AppData\Roaming\Python\Python314\site-packages\flask\app.py", line 917, in full_dispatch_request
    rv = self.dispatch_request()
  File "C:\Users\andre\AppData\Roaming\Python\Python314\site-packages\flask\app.py", line 902, in dispatch_request
    return self.ensure_sync(self.view_functions[rule.endpoint])(**view_args)  # type: ignore[no-any-return]
           ~~~~~~~~~~~~~~~~~~~~~~~~~~~~~~~~~~~~~~~~~~~~~~~~~~~~^^^^^^^^^^^^^
  File "C:\Users\andre\Desktop\ultrax_app\app.py", line 1282, in dashboard_divisa_real
    metodos_rows = db.execute(
    
sqlite3.OperationalError: no such column: metodo_pago
127.0.0.1 - - [03/Jun/2026 19:53:28] "GET /api/eerr/completo?year=2026&unit= HTTP/1.1" 200 -
127.0.0.1 - - [03/Jun/2026 20:16:32] "GET /api/tasas?year=2026&month=ENE HTTP/1.1" 200 -
127.0.0.1 - - [03/Jun/2026 20:16:32] "GET /api/mapping HTTP/1.1" 200 -
127.0.0.1 - - [03/Jun/2026 20:16:32] "GET /api/metodo_pago?year=2026&month=ENE HTTP/1.1" 200 -
127.0.0.1 - - [03/Jun/2026 20:19:53] "GET /api/dashboard_divisa_real?year=2026&month=ENE&unit=TODAS HTTP/1.1" 500 -
Traceback (most recent call last):
  File "C:\Users\andre\AppData\Roaming\Python\Python314\site-packages\flask\app.py", line 1536, in __call__
    return self.wsgi_app(environ, start_response)
           ~~~~~~~~~~~~~^^^^^^^^^^^^^^^^^^^^^^^^^
  File "C:\Users\andre\AppData\Roaming\Python\Python314\site-packages\flask\app.py", line 1514, in wsgi_app
    response = self.handle_exception(e)
  File "C:\Users\andre\AppData\Roaming\Python\Python314\site-packages\flask\app.py", line 1511, in wsgi_app
    response = self.full_dispatch_request()
  File "C:\Users\andre\AppData\Roaming\Python\Python314\site-packages\flask\app.py", line 919, in full_dispatch_request
    rv = self.handle_user_exception(e)
  File "C:\Users\andre\AppData\Roaming\Python\Python314\site-packages\flask\app.py", line 917, in full_dispatch_request
    rv = self.dispatch_request()
  File "C:\Users\andre\AppData\Roaming\Python\Python314\site-packages\flask\app.py", line 902, in dispatch_request
    return self.ensure_sync(self.view_functions[rule.endpoint])(**view_args)  # type: ignore[no-any-return]
           ~~~~~~~~~~~~~~~~~~~~~~~~~~~~~~~~~~~~~~~~~~~~~~~~~~~~^^^^^^^^^^^^^
  File "C:\Users\andre\Desktop\ultrax_app\app.py", line 1282, in dashboard_divisa_real
    metodos_rows = db.execute(
    
sqlite3.OperationalError: no such column: metodo_pago
127.0.0.1 - - [03/Jun/2026 20:24:32] "POST /api/shutdown HTTP/1.1" 200 -
